
Attaching package: ‘dplyr’

The following objects are masked from ‘package:plyr’:

    arrange, count, desc, failwith, id, mutate, rename, summarise,
    summarize

The following objects are masked from ‘package:stats’:

    filter, lag

The following objects are masked from ‘package:base’:

    intersect, setdiff, setequal, union

Loading required package: sp

Attaching package: ‘raster’

The following object is masked from ‘package:dplyr’:

    select

Warning message:
In showSRID(SRS_string, format = "PROJ", multiline = "NO", prefer_proj = prefer_proj) :
  Discarded datum D_unknown in Proj4 definition
proj_create_operations: SQLite error on SELECT table_name, auth_name, code, name, deprecated, is_alias FROM (SELECT 'projected_crs' AS table_name, auth_name, code, name, deprecated, 0 AS is_alias FROM projected_crs WHERE 1 = 1 AND name = ? COLLATE NOCASE  UNION SELECT 'projected_crs' AS table_name, ov.auth_name AS auth_name, ov.code AS code, a.alt_name AS name, ov.deprecated AS deprecated, 1 as is_alias FROM projected_crs ov JOIN alias_name a ON ov.auth_name = a.auth_name AND ov.code = a.code WHERE a.table_name = 'projected_crs' AND a.alt_name = ? COLLATE NOCASE ) ORDER BY deprecated, is_alias, length(name), name LIMIT 2: database disk image is malformed
proj_create: buildEllipsoid: buildUnit: SQLite error on SELECT table_name, auth_name, code FROM alias_name WHERE alt_name = ? AND table_name = ? AND source = ?: file is not a database
proj_create_operations: SQLite error on SELECT table_name, auth_name, code, name, deprecated, is_alias FROM (SELECT 'geodetic_datum' AS table_name, auth_name, code, name, deprecated, 0 AS is_alias FROM geodetic_datum WHERE 1 = 1 AND name = ? COLLATE NOCASE  UNION SELECT 'geodetic_datum' AS table_name, ov.auth_name AS auth_name, ov.code AS code, a.alt_name AS name, ov.deprecated AS deprecated, 1 as is_alias FROM geodetic_datum ov JOIN alias_name a ON ov.auth_name = a.auth_name AND ov.code = a.code WHERE a.table_name = 'geodetic_datum' AND a.alt_name = ? COLLATE NOCASE ) ORDER BY deprecated, is_alias, length(name), name LIMIT 2: database disk image is malformed
proj_create_operations: cannot build geodeticCRS 4978: SQLite error on SELECT extent.description, extent.south_lat, extent.north_lat, extent.west_lon, extent.east_lon, scope.scope, (CASE WHEN scope.scope LIKE '%large scale%' THEN 0 ELSE 1 END) AS score FROM usage JOIN extent ON usage.extent_auth_name = extent.auth_name AND usage.extent_code = extent.code JOIN scope ON usage.scope_auth_name = scope.auth_name AND usage.scope_code = scope.code WHERE object_table_name = ? AND object_auth_name = ? AND object_code = ? ORDER BY score, usage.auth_name, usage.code: database disk image is malformed
proj_create_operations: cannot build geodeticCRS CRS84: SQLite error on SELECT extent.description, extent.south_lat, extent.north_lat, extent.west_lon, extent.east_lon, scope.scope, (CASE WHEN scope.scope LIKE '%large scale%' THEN 0 ELSE 1 END) AS score FROM usage JOIN extent ON usage.extent_auth_name = extent.auth_name AND usage.extent_code = extent.code JOIN scope ON usage.scope_auth_name = scope.auth_name AND usage.scope_code = scope.code WHERE object_table_name = ? AND object_auth_name = ? AND object_code = ? ORDER BY score, usage.auth_name, usage.code: database disk image is malformed
proj_create_operations: cannot build geodeticCRS 4978: SQLite error on SELECT extent.description, extent.south_lat, extent.north_lat, extent.west_lon, extent.east_lon, scope.scope, (CASE WHEN scope.scope LIKE '%large scale%' THEN 0 ELSE 1 END) AS score FROM usage JOIN extent ON usage.extent_auth_name = extent.auth_name AND usage.extent_code = extent.code JOIN scope ON usage.scope_auth_name = scope.auth_name AND usage.scope_code = scope.code WHERE object_table_name = ? AND object_auth_name = ? AND object_code = ? ORDER BY score, usage.auth_name, usage.code: database disk image is malformed
proj_create_operations: cannot build geodetic reference frame 6326: SQLite error on SELECT extent.description, extent.south_lat, extent.north_lat, extent.west_lon, extent.east_lon, scope.scope, (CASE WHEN scope.scope LIKE '%large scale%' THEN 0 ELSE 1 END) AS score FROM usage JOIN extent ON usage.extent_auth_name = extent.auth_name AND usage.extent_code = extent.code JOIN scope ON usage.scope_auth_name = scope.auth_name AND usage.scope_code = scope.code WHERE object_table_name = ? AND object_auth_name = ? AND object_code = ? ORDER BY score, usage.auth_name, usage.code: database disk image is malformed
[[1]]
[1] "Error in h(simpleError(msg, call)) : \n  error in evaluating the argument 'x' in selecting a method for function 'extent': coordinate operation creation from WKT failed: Unknown error (code 4096)\n"
attr(,"class")
[1] "try-error"
attr(,"condition")
<simpleError in h(simpleError(msg, call)): error in evaluating the argument 'x' in selecting a method for function 'extent': coordinate operation creation from WKT failed: Unknown error (code 4096)>

[[2]]
[1] "Error in h(simpleError(msg, call)) : \n  error in evaluating the argument 'x' in selecting a method for function 'extent': coordinate operation creation from WKT failed: Unknown error (code 4096)\n"
attr(,"class")
[1] "try-error"
attr(,"condition")
<simpleError in h(simpleError(msg, call)): error in evaluating the argument 'x' in selecting a method for function 'extent': coordinate operation creation from WKT failed: Unknown error (code 4096)>

[[3]]
[1] "Error in h(simpleError(msg, call)) : \n  error in evaluating the argument 'x' in selecting a method for function 'extent': coordinate operation creation from WKT failed: Unknown error (code 4096)\n"
attr(,"class")
[1] "try-error"
attr(,"condition")
<simpleError in h(simpleError(msg, call)): error in evaluating the argument 'x' in selecting a method for function 'extent': coordinate operation creation from WKT failed: Unknown error (code 4096)>

[[4]]
[1] "Error in rgdal::compare_CRS(projto, projfrom) : \n  source crs creation failed: Unknown error (code 4096)\n"
attr(,"class")
[1] "try-error"
attr(,"condition")
<simpleError in rgdal::compare_CRS(projto, projfrom): source crs creation failed: Unknown error (code 4096)>

[[5]]
[[5]][[1]]
class      : RasterLayer 
dimensions : 180, 360, 64800  (nrow, ncol, ncell)
resolution : 1, 1  (x, y)
extent     : -180, 180, -90, 90  (xmin, xmax, ymin, ymax)
crs        : +proj=longlat +datum=WGS84 +no_defs 
source     : memory
names      : layer 
values     : 0.361597, 195.6053  (min, max)


[[5]][[2]]
class      : RasterLayer 
dimensions : 12027, 24053, 289285431  (nrow, ncol, ncell)
resolution : 1500.029, 1499.966  (x, y)
extent     : -18040096, 18040096, -9020048, 9020048  (xmin, xmax, ymin, ymax)
crs        : +proj=moll +lon_0=0 +x_0=0 +y_0=0 +ellps=WGS84 +units=m +no_defs 
source     : r_tmp_2022-05-03_142029_2246343_88453.grd 
names      : layer 
values     : 0.3616531, 195.5811  (min, max)



[[6]]
[1] "Error in h(simpleError(msg, call)) : \n  error in evaluating the argument 'x' in selecting a method for function 'extent': coordinate operation creation from WKT failed: Unknown error (code 4096)\n"
attr(,"class")
[1] "try-error"
attr(,"condition")
<simpleError in h(simpleError(msg, call)): error in evaluating the argument 'x' in selecting a method for function 'extent': coordinate operation creation from WKT failed: Unknown error (code 4096)>

[[7]]
NULL

[[8]]
[1] "Error in h(simpleError(msg, call)) : \n  error in evaluating the argument 'x' in selecting a method for function 'extent': coordinate operation creation from WKT failed: Unknown error (code 4096)\n"
attr(,"class")
[1] "try-error"
attr(,"condition")
<simpleError in h(simpleError(msg, call)): error in evaluating the argument 'x' in selecting a method for function 'extent': coordinate operation creation from WKT failed: Unknown error (code 4096)>

[[9]]
[1] "Error in h(simpleError(msg, call)) : \n  error in evaluating the argument 'x' in selecting a method for function 'extent': coordinate operation creation from WKT failed: Unknown error (code 4096)\n"
attr(,"class")
[1] "try-error"
attr(,"condition")
<simpleError in h(simpleError(msg, call)): error in evaluating the argument 'x' in selecting a method for function 'extent': coordinate operation creation from WKT failed: Unknown error (code 4096)>

[[10]]
NULL

[[11]]
[1] "Error in h(simpleError(msg, call)) : \n  error in evaluating the argument 'x' in selecting a method for function 'extent': coordinate operation creation from WKT failed: Unknown error (code 4096)\n"
attr(,"class")
[1] "try-error"
attr(,"condition")
<simpleError in h(simpleError(msg, call)): error in evaluating the argument 'x' in selecting a method for function 'extent': coordinate operation creation from WKT failed: Unknown error (code 4096)>

[[12]]
[1] "Error in h(simpleError(msg, call)) : \n  error in evaluating the argument 'x' in selecting a method for function 'extent': coordinate operation creation from WKT failed: Unknown error (code 4096)\n"
attr(,"class")
[1] "try-error"
attr(,"condition")
<simpleError in h(simpleError(msg, call)): error in evaluating the argument 'x' in selecting a method for function 'extent': coordinate operation creation from WKT failed: Unknown error (code 4096)>

[[13]]
[1] "Error in h(simpleError(msg, call)) : \n  error in evaluating the argument 'x' in selecting a method for function 'extent': coordinate operation creation from WKT failed: Unknown error (code 4096)\n"
attr(,"class")
[1] "try-error"
attr(,"condition")
<simpleError in h(simpleError(msg, call)): error in evaluating the argument 'x' in selecting a method for function 'extent': coordinate operation creation from WKT failed: Unknown error (code 4096)>

[[14]]
[1] "Error in rgdal::compare_CRS(projto, projfrom) : \n  source crs creation failed: Unknown error (code 4096)\n"
attr(,"class")
[1] "try-error"
attr(,"condition")
<simpleError in rgdal::compare_CRS(projto, projfrom): source crs creation failed: Unknown error (code 4096)>

[[15]]
[[15]][[1]]
class      : RasterLayer 
dimensions : 180, 360, 64800  (nrow, ncol, ncell)
resolution : 1, 1  (x, y)
extent     : -180, 180, -90, 90  (xmin, xmax, ymin, ymax)
crs        : +proj=longlat +datum=WGS84 +no_defs 
source     : memory
names      : layer 
values     : 0.3700492, 198.9588  (min, max)


[[15]][[2]]
class      : RasterLayer 
dimensions : 12027, 24053, 289285431  (nrow, ncol, ncell)
resolution : 1500.029, 1499.966  (x, y)
extent     : -18040096, 18040096, -9020048, 9020048  (xmin, xmax, ymin, ymax)
crs        : +proj=moll +lon_0=0 +x_0=0 +y_0=0 +ellps=WGS84 +units=m +no_defs 
source     : r_tmp_2022-05-03_142449_2246343_92918.grd 
names      : layer 
values     : 0.3701114, 198.8808  (min, max)



[[16]]
[1] "Error in h(simpleError(msg, call)) : \n  error in evaluating the argument 'x' in selecting a method for function 'extent': coordinate operation creation from WKT failed: Unknown error (code 4096)\n"
attr(,"class")
[1] "try-error"
attr(,"condition")
<simpleError in h(simpleError(msg, call)): error in evaluating the argument 'x' in selecting a method for function 'extent': coordinate operation creation from WKT failed: Unknown error (code 4096)>

[[17]]
NULL

[[18]]
[1] "Error in h(simpleError(msg, call)) : \n  error in evaluating the argument 'x' in selecting a method for function 'extent': coordinate operation creation from WKT failed: Unknown error (code 4096)\n"
attr(,"class")
[1] "try-error"
attr(,"condition")
<simpleError in h(simpleError(msg, call)): error in evaluating the argument 'x' in selecting a method for function 'extent': coordinate operation creation from WKT failed: Unknown error (code 4096)>

[[19]]
[1] "Error in h(simpleError(msg, call)) : \n  error in evaluating the argument 'x' in selecting a method for function 'extent': coordinate operation creation from WKT failed: Unknown error (code 4096)\n"
attr(,"class")
[1] "try-error"
attr(,"condition")
<simpleError in h(simpleError(msg, call)): error in evaluating the argument 'x' in selecting a method for function 'extent': coordinate operation creation from WKT failed: Unknown error (code 4096)>

[[20]]
NULL

[[21]]
[1] "Error in h(simpleError(msg, call)) : \n  error in evaluating the argument 'x' in selecting a method for function 'extent': coordinate operation creation from WKT failed: Unknown error (code 4096)\n"
attr(,"class")
[1] "try-error"
attr(,"condition")
<simpleError in h(simpleError(msg, call)): error in evaluating the argument 'x' in selecting a method for function 'extent': coordinate operation creation from WKT failed: Unknown error (code 4096)>

[[22]]
[1] "Error in h(simpleError(msg, call)) : \n  error in evaluating the argument 'x' in selecting a method for function 'extent': coordinate operation creation from WKT failed: Unknown error (code 4096)\n"
attr(,"class")
[1] "try-error"
attr(,"condition")
<simpleError in h(simpleError(msg, call)): error in evaluating the argument 'x' in selecting a method for function 'extent': coordinate operation creation from WKT failed: Unknown error (code 4096)>

[[23]]
[1] "Error in h(simpleError(msg, call)) : \n  error in evaluating the argument 'x' in selecting a method for function 'extent': coordinate operation creation from WKT failed: Unknown error (code 4096)\n"
attr(,"class")
[1] "try-error"
attr(,"condition")
<simpleError in h(simpleError(msg, call)): error in evaluating the argument 'x' in selecting a method for function 'extent': coordinate operation creation from WKT failed: Unknown error (code 4096)>

[[24]]
[1] "Error in rgdal::compare_CRS(projto, projfrom) : \n  source crs creation failed: Unknown error (code 4096)\n"
attr(,"class")
[1] "try-error"
attr(,"condition")
<simpleError in rgdal::compare_CRS(projto, projfrom): source crs creation failed: Unknown error (code 4096)>

[[25]]
NULL

[[26]]
[1] "Error in h(simpleError(msg, call)) : \n  error in evaluating the argument 'x' in selecting a method for function 'extent': coordinate operation creation from WKT failed: Unknown error (code 4096)\n"
attr(,"class")
[1] "try-error"
attr(,"condition")
<simpleError in h(simpleError(msg, call)): error in evaluating the argument 'x' in selecting a method for function 'extent': coordinate operation creation from WKT failed: Unknown error (code 4096)>

[[27]]
NULL

[[28]]
[1] "Error in h(simpleError(msg, call)) : \n  error in evaluating the argument 'x' in selecting a method for function 'extent': coordinate operation creation from WKT failed: Unknown error (code 4096)\n"
attr(,"class")
[1] "try-error"
attr(,"condition")
<simpleError in h(simpleError(msg, call)): error in evaluating the argument 'x' in selecting a method for function 'extent': coordinate operation creation from WKT failed: Unknown error (code 4096)>

[[29]]
[1] "Error in h(simpleError(msg, call)) : \n  error in evaluating the argument 'x' in selecting a method for function 'extent': coordinate operation creation from WKT failed: Unknown error (code 4096)\n"
attr(,"class")
[1] "try-error"
attr(,"condition")
<simpleError in h(simpleError(msg, call)): error in evaluating the argument 'x' in selecting a method for function 'extent': coordinate operation creation from WKT failed: Unknown error (code 4096)>

[[30]]
[[30]][[1]]
class      : RasterLayer 
dimensions : 180, 360, 64800  (nrow, ncol, ncell)
resolution : 1, 1  (x, y)
extent     : -180, 180, -90, 90  (xmin, xmax, ymin, ymax)
crs        : +proj=longlat +datum=WGS84 +no_defs 
source     : memory
names      : layer 
values     : 0.3525857, 206.5967  (min, max)


[[30]][[2]]
class      : RasterLayer 
dimensions : 12027, 24053, 289285431  (nrow, ncol, ncell)
resolution : 1500.029, 1499.966  (x, y)
extent     : -18040096, 18040096, -9020048, 9020048  (xmin, xmax, ymin, ymax)
crs        : +proj=moll +lon_0=0 +x_0=0 +y_0=0 +ellps=WGS84 +units=m +no_defs 
source     : r_tmp_2022-05-03_142029_2246348_88726.grd 
names      : layer 
values     : 0.3528207, 206.5753  (min, max)



[[31]]
[1] "Error in h(simpleError(msg, call)) : \n  error in evaluating the argument 'x' in selecting a method for function 'extent': coordinate operation creation from WKT failed: Unknown error (code 4096)\n"
attr(,"class")
[1] "try-error"
attr(,"condition")
<simpleError in h(simpleError(msg, call)): error in evaluating the argument 'x' in selecting a method for function 'extent': coordinate operation creation from WKT failed: Unknown error (code 4096)>

[[32]]
[1] "Error in h(simpleError(msg, call)) : \n  error in evaluating the argument 'x' in selecting a method for function 'extent': coordinate operation creation from WKT failed: Unknown error (code 4096)\n"
attr(,"class")
[1] "try-error"
attr(,"condition")
<simpleError in h(simpleError(msg, call)): error in evaluating the argument 'x' in selecting a method for function 'extent': coordinate operation creation from WKT failed: Unknown error (code 4096)>

[[33]]
[1] "Error in h(simpleError(msg, call)) : \n  error in evaluating the argument 'x' in selecting a method for function 'extent': coordinate operation creation from WKT failed: Unknown error (code 4096)\n"
attr(,"class")
[1] "try-error"
attr(,"condition")
<simpleError in h(simpleError(msg, call)): error in evaluating the argument 'x' in selecting a method for function 'extent': coordinate operation creation from WKT failed: Unknown error (code 4096)>

[[34]]
[1] "Error in rgdal::compare_CRS(projto, projfrom) : \n  source crs creation failed: Unknown error (code 4096)\n"
attr(,"class")
[1] "try-error"
attr(,"condition")
<simpleError in rgdal::compare_CRS(projto, projfrom): source crs creation failed: Unknown error (code 4096)>

[[35]]
NULL

[[36]]
[1] "Error in h(simpleError(msg, call)) : \n  error in evaluating the argument 'x' in selecting a method for function 'extent': coordinate operation creation from WKT failed: Unknown error (code 4096)\n"
attr(,"class")
[1] "try-error"
attr(,"condition")
<simpleError in h(simpleError(msg, call)): error in evaluating the argument 'x' in selecting a method for function 'extent': coordinate operation creation from WKT failed: Unknown error (code 4096)>

[[37]]
NULL

[[38]]
[1] "Error in h(simpleError(msg, call)) : \n  error in evaluating the argument 'x' in selecting a method for function 'extent': coordinate operation creation from WKT failed: Unknown error (code 4096)\n"
attr(,"class")
[1] "try-error"
attr(,"condition")
<simpleError in h(simpleError(msg, call)): error in evaluating the argument 'x' in selecting a method for function 'extent': coordinate operation creation from WKT failed: Unknown error (code 4096)>

[[39]]
[1] "Error in h(simpleError(msg, call)) : \n  error in evaluating the argument 'x' in selecting a method for function 'extent': coordinate operation creation from WKT failed: Unknown error (code 4096)\n"
attr(,"class")
[1] "try-error"
attr(,"condition")
<simpleError in h(simpleError(msg, call)): error in evaluating the argument 'x' in selecting a method for function 'extent': coordinate operation creation from WKT failed: Unknown error (code 4096)>

[[40]]
[[40]][[1]]
class      : RasterLayer 
dimensions : 180, 360, 64800  (nrow, ncol, ncell)
resolution : 1, 1  (x, y)
extent     : -180, 180, -90, 90  (xmin, xmax, ymin, ymax)
crs        : +proj=longlat +datum=WGS84 +no_defs 
source     : memory
names      : layer 
values     : 0.4969124, 230.447  (min, max)


[[40]][[2]]
class      : RasterLayer 
dimensions : 12027, 24053, 289285431  (nrow, ncol, ncell)
resolution : 1500.029, 1499.966  (x, y)
extent     : -18040096, 18040096, -9020048, 9020048  (xmin, xmax, ymin, ymax)
crs        : +proj=moll +lon_0=0 +x_0=0 +y_0=0 +ellps=WGS84 +units=m +no_defs 
source     : r_tmp_2022-05-03_142448_2246348_36029.grd 
names      : layer 
values     : 0.4969551, 230.3493  (min, max)



Warning message:
In mclapply(dir.list, precip.function, mc.cores = n_cores) :
  scheduled cores 4, 9, 3, 2, 1, 6, 8 encountered errors in user code, all values of the jobs will be affected
