
Attaching package: ‘dplyr’

The following objects are masked from ‘package:plyr’:

    arrange, count, desc, failwith, id, mutate, rename, summarise,
    summarize

The following objects are masked from ‘package:stats’:

    filter, lag

The following objects are masked from ‘package:base’:

    intersect, setdiff, setequal, union

Loading required package: sp

Attaching package: ‘raster’

The following object is masked from ‘package:dplyr’:

    select

rgdal: version: 1.5-23, (SVN revision 1121)
Geospatial Data Abstraction Library extensions to R successfully loaded
Loaded GDAL runtime: GDAL 3.3.0, released 2021/04/26
Path to GDAL shared files: /apps/system/easybuild/software/GDAL/3.3.0-foss-2021a/share/gdal
GDAL binary built with GEOS: TRUE 
Loaded PROJ runtime: Rel. 8.0.1, March 5th, 2021, [PJ_VERSION: 801]
Path to PROJ shared files: /home/pubh0329/.local/share/proj:/apps/system/easybuild/software/PROJ/8.0.1-GCCcore-10.3.0/share/proj:/apps/system/easybuild/software/PROJ/8.0.1-GCCcore-10.3.0/share/proj
PROJ CDN enabled: FALSE
Linking to sp version:1.4-5
To mute warnings of possible GDAL/OSR exportToProj4() degradation,
use options("rgdal_show_exportToProj4_warnings"="none") before loading rgdal.
Warning message:
In showSRID(SRS_string, format = "PROJ", multiline = "NO", prefer_proj = prefer_proj) :
  Discarded datum D_unknown in Proj4 definition
11proj_create_operations: SQLite error on SELECT table_name, auth_name, code, name, deprecated, is_alias FROM (SELECT 'geodetic_crs' AS table_name, auth_name, code, name, deprecated, 0 AS is_alias FROM geodetic_crs WHERE 1 = 1 AND type = 'geographic 2D' AND name = ? COLLATE NOCASE  UNION SELECT 'geodetic_crs' AS table_name, ov.auth_name AS auth_name, ov.code AS code, a.alt_name AS name, ov.deprecated AS deprecated, 1 as is_alias FROM geodetic_crs ov JOIN alias_name a ON ov.auth_name = a.auth_name AND ov.code = a.code WHERE a.table_name = 'geodetic_crs' AND ov.type = 'geographic 2D' AND a.alt_name = ? COLLATE NOCASE ) ORDER BY deprecated, is_alias, length(name), name LIMIT 2: database disk image is malformed
/data/pubh-glob2loc/pubh0329/Multiple_Stresses_of_Biodiversity/CMIP6_Climate_Data/SSP5-8.5/2081-2100/Managed_Rasters/Variance_of_temperature.tifWarning message:
In mclapply(split.files[[l]], reproject.fun, mc.cores = n_cores) :
  scheduled core 1 encountered error in user code, all values of the job will be affected
