
Attaching package: ‘dplyr’

The following objects are masked from ‘package:plyr’:

    arrange, count, desc, failwith, id, mutate, rename, summarise,
    summarize

The following objects are masked from ‘package:stats’:

    filter, lag

The following objects are masked from ‘package:base’:

    intersect, setdiff, setequal, union

Loading required package: sp

Attaching package: ‘raster’

The following object is masked from ‘package:dplyr’:

    select

rgdal: version: 1.5-23, (SVN revision 1121)
Geospatial Data Abstraction Library extensions to R successfully loaded
Loaded GDAL runtime: GDAL 3.3.0, released 2021/04/26
Path to GDAL shared files: /apps/system/easybuild/software/GDAL/3.3.0-foss-2021a/share/gdal
GDAL binary built with GEOS: TRUE 
Loaded PROJ runtime: Rel. 8.0.1, March 5th, 2021, [PJ_VERSION: 801]
Path to PROJ shared files: /home/pubh0329/.local/share/proj:/apps/system/easybuild/software/PROJ/8.0.1-GCCcore-10.3.0/share/proj:/apps/system/easybuild/software/PROJ/8.0.1-GCCcore-10.3.0/share/proj
PROJ CDN enabled: FALSE
Linking to sp version:1.4-5
To mute warnings of possible GDAL/OSR exportToProj4() degradation,
use options("rgdal_show_exportToProj4_warnings"="none") before loading rgdal.
Warning message:
In showSRID(SRS_string, format = "PROJ", multiline = "NO", prefer_proj = prefer_proj) :
  Discarded datum D_unknown in Proj4 definition
/data/pubh-glob2loc/pubh0329/Multiple_Stresses_of_Biodiversity/CMIP6_Climate_Data/Historic/1850-1900/Managed_Rasters/GDD_10C.tif 
/data/pubh-glob2loc/pubh0329/Multiple_Stresses_of_Biodiversity/CMIP6_Climate_Data/Historic/1850-1900/Managed_Rasters/GDD_10C.tif/data/pubh-glob2loc/pubh0329/Multiple_Stresses_of_Biodiversity/CMIP6_Climate_Data/Historic/1850-1900/Managed_Rasters/GDD_5C.tif 
/data/pubh-glob2loc/pubh0329/Multiple_Stresses_of_Biodiversity/CMIP6_Climate_Data/Historic/1850-1900/Managed_Rasters/GDD_5C.tif/data/pubh-glob2loc/pubh0329/Multiple_Stresses_of_Biodiversity/CMIP6_Climate_Data/Historic/1850-1900/Managed_Rasters/Mean_annual_temp.tif 
/data/pubh-glob2loc/pubh0329/Multiple_Stresses_of_Biodiversity/CMIP6_Climate_Data/Historic/1850-1900/Managed_Rasters/Mean_annual_temp.tif/data/pubh-glob2loc/pubh0329/Multiple_Stresses_of_Biodiversity/CMIP6_Climate_Data/Historic/1850-1900/Managed_Rasters/Precip_in_warmest_quarter.tiff 
/data/pubh-glob2loc/pubh0329/Multiple_Stresses_of_Biodiversity/CMIP6_Climate_Data/Historic/1850-1900/Managed_Rasters/Precip_in_warmest_quarter.tiff/data/pubh-glob2loc/pubh0329/Multiple_Stresses_of_Biodiversity/CMIP6_Climate_Data/Historic/1850-1900/Managed_Rasters/Variance_of_precipitation.tif 
/data/pubh-glob2loc/pubh0329/Multiple_Stresses_of_Biodiversity/CMIP6_Climate_Data/Historic/1850-1900/Managed_Rasters/Variance_of_precipitation.tif/data/pubh-glob2loc/pubh0329/Multiple_Stresses_of_Biodiversity/CMIP6_Climate_Data/Historic/1850-1900/Managed_Rasters/Variance_of_temperature.tif 
/data/pubh-glob2loc/pubh0329/Multiple_Stresses_of_Biodiversity/CMIP6_Climate_Data/Historic/1850-1900/Managed_Rasters/Variance_of_temperature.tif/data/pubh-glob2loc/pubh0329/Multiple_Stresses_of_Biodiversity/CMIP6_Climate_Data/Historic/1961-1990/Managed_Rasters/GDD_10C.tif 
/data/pubh-glob2loc/pubh0329/Multiple_Stresses_of_Biodiversity/CMIP6_Climate_Data/Historic/1961-1990/Managed_Rasters/GDD_10C.tif/data/pubh-glob2loc/pubh0329/Multiple_Stresses_of_Biodiversity/CMIP6_Climate_Data/Historic/1961-1990/Managed_Rasters/GDD_5C.tif 
/data/pubh-glob2loc/pubh0329/Multiple_Stresses_of_Biodiversity/CMIP6_Climate_Data/Historic/1961-1990/Managed_Rasters/GDD_5C.tif/data/pubh-glob2loc/pubh0329/Multiple_Stresses_of_Biodiversity/CMIP6_Climate_Data/Historic/1961-1990/Managed_Rasters/Mean_annual_temp.tif 
/data/pubh-glob2loc/pubh0329/Multiple_Stresses_of_Biodiversity/CMIP6_Climate_Data/Historic/1961-1990/Managed_Rasters/Mean_annual_temp.tif/data/pubh-glob2loc/pubh0329/Multiple_Stresses_of_Biodiversity/CMIP6_Climate_Data/Historic/1961-1990/Managed_Rasters/Precip_in_warmest_quarter.tiff 
/data/pubh-glob2loc/pubh0329/Multiple_Stresses_of_Biodiversity/CMIP6_Climate_Data/Historic/1961-1990/Managed_Rasters/Precip_in_warmest_quarter.tiff/data/pubh-glob2loc/pubh0329/Multiple_Stresses_of_Biodiversity/CMIP6_Climate_Data/Historic/1961-1990/Managed_Rasters/Variance_of_precipitation.tif 
/data/pubh-glob2loc/pubh0329/Multiple_Stresses_of_Biodiversity/CMIP6_Climate_Data/Historic/1961-1990/Managed_Rasters/Variance_of_precipitation.tif/data/pubh-glob2loc/pubh0329/Multiple_Stresses_of_Biodiversity/CMIP6_Climate_Data/Historic/1961-1990/Managed_Rasters/Variance_of_temperature.tif 
/data/pubh-glob2loc/pubh0329/Multiple_Stresses_of_Biodiversity/CMIP6_Climate_Data/Historic/1961-1990/Managed_Rasters/Variance_of_temperature.tif/data/pubh-glob2loc/pubh0329/Multiple_Stresses_of_Biodiversity/CMIP6_Climate_Data/Historic/1981-2010/Managed_Rasters/GDD_10C.tif 
/data/pubh-glob2loc/pubh0329/Multiple_Stresses_of_Biodiversity/CMIP6_Climate_Data/Historic/1981-2010/Managed_Rasters/GDD_10C.tif/data/pubh-glob2loc/pubh0329/Multiple_Stresses_of_Biodiversity/CMIP6_Climate_Data/Historic/1981-2010/Managed_Rasters/GDD_5C.tif 
/data/pubh-glob2loc/pubh0329/Multiple_Stresses_of_Biodiversity/CMIP6_Climate_Data/Historic/1981-2010/Managed_Rasters/GDD_5C.tif/data/pubh-glob2loc/pubh0329/Multiple_Stresses_of_Biodiversity/CMIP6_Climate_Data/Historic/1981-2010/Managed_Rasters/Mean_annual_temp.tif 
/data/pubh-glob2loc/pubh0329/Multiple_Stresses_of_Biodiversity/CMIP6_Climate_Data/Historic/1981-2010/Managed_Rasters/Mean_annual_temp.tif/data/pubh-glob2loc/pubh0329/Multiple_Stresses_of_Biodiversity/CMIP6_Climate_Data/Historic/1981-2010/Managed_Rasters/Precip_in_warmest_quarter.tiff 
/data/pubh-glob2loc/pubh0329/Multiple_Stresses_of_Biodiversity/CMIP6_Climate_Data/Historic/1981-2010/Managed_Rasters/Precip_in_warmest_quarter.tiff/data/pubh-glob2loc/pubh0329/Multiple_Stresses_of_Biodiversity/CMIP6_Climate_Data/Historic/1981-2010/Managed_Rasters/Variance_of_precipitation.tif 
/data/pubh-glob2loc/pubh0329/Multiple_Stresses_of_Biodiversity/CMIP6_Climate_Data/Historic/1981-2010/Managed_Rasters/Variance_of_precipitation.tif/data/pubh-glob2loc/pubh0329/Multiple_Stresses_of_Biodiversity/CMIP6_Climate_Data/Historic/1981-2010/Managed_Rasters/Variance_of_temperature.tif 
/data/pubh-glob2loc/pubh0329/Multiple_Stresses_of_Biodiversity/CMIP6_Climate_Data/Historic/1981-2010/Managed_Rasters/Variance_of_temperature.tif/data/pubh-glob2loc/pubh0329/Multiple_Stresses_of_Biodiversity/CMIP6_Climate_Data/Historic/1986-2005/Managed_Rasters/GDD_10C.tif 
/data/pubh-glob2loc/pubh0329/Multiple_Stresses_of_Biodiversity/CMIP6_Climate_Data/Historic/1986-2005/Managed_Rasters/GDD_10C.tif/data/pubh-glob2loc/pubh0329/Multiple_Stresses_of_Biodiversity/CMIP6_Climate_Data/Historic/1986-2005/Managed_Rasters/GDD_5C.tif 
/data/pubh-glob2loc/pubh0329/Multiple_Stresses_of_Biodiversity/CMIP6_Climate_Data/Historic/1986-2005/Managed_Rasters/GDD_5C.tif/data/pubh-glob2loc/pubh0329/Multiple_Stresses_of_Biodiversity/CMIP6_Climate_Data/Historic/1986-2005/Managed_Rasters/Mean_annual_temp.tif 
/data/pubh-glob2loc/pubh0329/Multiple_Stresses_of_Biodiversity/CMIP6_Climate_Data/Historic/1986-2005/Managed_Rasters/Mean_annual_temp.tif/data/pubh-glob2loc/pubh0329/Multiple_Stresses_of_Biodiversity/CMIP6_Climate_Data/Historic/1986-2005/Managed_Rasters/Precip_in_warmest_quarter.tiff 
/data/pubh-glob2loc/pubh0329/Multiple_Stresses_of_Biodiversity/CMIP6_Climate_Data/Historic/1986-2005/Managed_Rasters/Precip_in_warmest_quarter.tiff/data/pubh-glob2loc/pubh0329/Multiple_Stresses_of_Biodiversity/CMIP6_Climate_Data/Historic/1986-2005/Managed_Rasters/Variance_of_precipitation.tif 
/data/pubh-glob2loc/pubh0329/Multiple_Stresses_of_Biodiversity/CMIP6_Climate_Data/Historic/1986-2005/Managed_Rasters/Variance_of_precipitation.tif/data/pubh-glob2loc/pubh0329/Multiple_Stresses_of_Biodiversity/CMIP6_Climate_Data/Historic/1986-2005/Managed_Rasters/Variance_of_temperature.tif 
/data/pubh-glob2loc/pubh0329/Multiple_Stresses_of_Biodiversity/CMIP6_Climate_Data/Historic/1986-2005/Managed_Rasters/Variance_of_temperature.tif/data/pubh-glob2loc/pubh0329/Multiple_Stresses_of_Biodiversity/CMIP6_Climate_Data/Historic/1995-2014/Managed_Rasters/GDD_10C.tif 
/data/pubh-glob2loc/pubh0329/Multiple_Stresses_of_Biodiversity/CMIP6_Climate_Data/Historic/1995-2014/Managed_Rasters/GDD_10C.tif/data/pubh-glob2loc/pubh0329/Multiple_Stresses_of_Biodiversity/CMIP6_Climate_Data/Historic/1995-2014/Managed_Rasters/GDD_5C.tif 
/data/pubh-glob2loc/pubh0329/Multiple_Stresses_of_Biodiversity/CMIP6_Climate_Data/Historic/1995-2014/Managed_Rasters/GDD_5C.tif/data/pubh-glob2loc/pubh0329/Multiple_Stresses_of_Biodiversity/CMIP6_Climate_Data/Historic/1995-2014/Managed_Rasters/Mean_annual_temp.tif 
/data/pubh-glob2loc/pubh0329/Multiple_Stresses_of_Biodiversity/CMIP6_Climate_Data/Historic/1995-2014/Managed_Rasters/Mean_annual_temp.tif/data/pubh-glob2loc/pubh0329/Multiple_Stresses_of_Biodiversity/CMIP6_Climate_Data/Historic/1995-2014/Managed_Rasters/Precip_in_warmest_quarter.tiff 
/data/pubh-glob2loc/pubh0329/Multiple_Stresses_of_Biodiversity/CMIP6_Climate_Data/Historic/1995-2014/Managed_Rasters/Precip_in_warmest_quarter.tiff/data/pubh-glob2loc/pubh0329/Multiple_Stresses_of_Biodiversity/CMIP6_Climate_Data/Historic/1995-2014/Managed_Rasters/Variance_of_precipitation.tif 
/data/pubh-glob2loc/pubh0329/Multiple_Stresses_of_Biodiversity/CMIP6_Climate_Data/Historic/1995-2014/Managed_Rasters/Variance_of_precipitation.tif/data/pubh-glob2loc/pubh0329/Multiple_Stresses_of_Biodiversity/CMIP6_Climate_Data/Historic/1995-2014/Managed_Rasters/Variance_of_temperature.tif 
/data/pubh-glob2loc/pubh0329/Multiple_Stresses_of_Biodiversity/CMIP6_Climate_Data/Historic/1995-2014/Managed_Rasters/Variance_of_temperature.tif/data/pubh-glob2loc/pubh0329/Multiple_Stresses_of_Biodiversity/CMIP6_Climate_Data/SSP1-2.6/2021-2040/Managed_Rasters/GDD_10C.tif 
/data/pubh-glob2loc/pubh0329/Multiple_Stresses_of_Biodiversity/CMIP6_Climate_Data/SSP1-2.6/2021-2040/Managed_Rasters/GDD_10C.tif/data/pubh-glob2loc/pubh0329/Multiple_Stresses_of_Biodiversity/CMIP6_Climate_Data/SSP1-2.6/2021-2040/Managed_Rasters/GDD_5C.tif 
/data/pubh-glob2loc/pubh0329/Multiple_Stresses_of_Biodiversity/CMIP6_Climate_Data/SSP1-2.6/2021-2040/Managed_Rasters/GDD_5C.tif/data/pubh-glob2loc/pubh0329/Multiple_Stresses_of_Biodiversity/CMIP6_Climate_Data/SSP1-2.6/2021-2040/Managed_Rasters/Mean_annual_temp.tif 
/data/pubh-glob2loc/pubh0329/Multiple_Stresses_of_Biodiversity/CMIP6_Climate_Data/SSP1-2.6/2021-2040/Managed_Rasters/Mean_annual_temp.tif/data/pubh-glob2loc/pubh0329/Multiple_Stresses_of_Biodiversity/CMIP6_Climate_Data/SSP1-2.6/2021-2040/Managed_Rasters/Precip_in_warmest_quarter.tiff 
/data/pubh-glob2loc/pubh0329/Multiple_Stresses_of_Biodiversity/CMIP6_Climate_Data/SSP1-2.6/2021-2040/Managed_Rasters/Precip_in_warmest_quarter.tiff/data/pubh-glob2loc/pubh0329/Multiple_Stresses_of_Biodiversity/CMIP6_Climate_Data/SSP1-2.6/2021-2040/Managed_Rasters/Variance_of_precipitation.tif 
/data/pubh-glob2loc/pubh0329/Multiple_Stresses_of_Biodiversity/CMIP6_Climate_Data/SSP1-2.6/2021-2040/Managed_Rasters/Variance_of_precipitation.tif/data/pubh-glob2loc/pubh0329/Multiple_Stresses_of_Biodiversity/CMIP6_Climate_Data/SSP1-2.6/2021-2040/Managed_Rasters/Variance_of_temperature.tif 
/data/pubh-glob2loc/pubh0329/Multiple_Stresses_of_Biodiversity/CMIP6_Climate_Data/SSP1-2.6/2021-2040/Managed_Rasters/Variance_of_temperature.tif/data/pubh-glob2loc/pubh0329/Multiple_Stresses_of_Biodiversity/CMIP6_Climate_Data/SSP1-2.6/2041-2060/Managed_Rasters/GDD_10C.tif 
/data/pubh-glob2loc/pubh0329/Multiple_Stresses_of_Biodiversity/CMIP6_Climate_Data/SSP1-2.6/2041-2060/Managed_Rasters/GDD_10C.tif/data/pubh-glob2loc/pubh0329/Multiple_Stresses_of_Biodiversity/CMIP6_Climate_Data/SSP1-2.6/2041-2060/Managed_Rasters/GDD_5C.tif 
/data/pubh-glob2loc/pubh0329/Multiple_Stresses_of_Biodiversity/CMIP6_Climate_Data/SSP1-2.6/2041-2060/Managed_Rasters/GDD_5C.tif/data/pubh-glob2loc/pubh0329/Multiple_Stresses_of_Biodiversity/CMIP6_Climate_Data/SSP1-2.6/2041-2060/Managed_Rasters/Mean_annual_temp.tif 
/data/pubh-glob2loc/pubh0329/Multiple_Stresses_of_Biodiversity/CMIP6_Climate_Data/SSP1-2.6/2041-2060/Managed_Rasters/Mean_annual_temp.tif/data/pubh-glob2loc/pubh0329/Multiple_Stresses_of_Biodiversity/CMIP6_Climate_Data/SSP1-2.6/2041-2060/Managed_Rasters/Precip_in_warmest_quarter.tiff 
/data/pubh-glob2loc/pubh0329/Multiple_Stresses_of_Biodiversity/CMIP6_Climate_Data/SSP1-2.6/2041-2060/Managed_Rasters/Precip_in_warmest_quarter.tiff/data/pubh-glob2loc/pubh0329/Multiple_Stresses_of_Biodiversity/CMIP6_Climate_Data/SSP1-2.6/2041-2060/Managed_Rasters/Variance_of_precipitation.tif 
/data/pubh-glob2loc/pubh0329/Multiple_Stresses_of_Biodiversity/CMIP6_Climate_Data/SSP1-2.6/2041-2060/Managed_Rasters/Variance_of_precipitation.tif/data/pubh-glob2loc/pubh0329/Multiple_Stresses_of_Biodiversity/CMIP6_Climate_Data/SSP1-2.6/2041-2060/Managed_Rasters/Variance_of_temperature.tif 
/data/pubh-glob2loc/pubh0329/Multiple_Stresses_of_Biodiversity/CMIP6_Climate_Data/SSP1-2.6/2041-2060/Managed_Rasters/Variance_of_temperature.tif/data/pubh-glob2loc/pubh0329/Multiple_Stresses_of_Biodiversity/CMIP6_Climate_Data/SSP1-2.6/2081-2100/Managed_Rasters/GDD_10C.tif 
/data/pubh-glob2loc/pubh0329/Multiple_Stresses_of_Biodiversity/CMIP6_Climate_Data/SSP1-2.6/2081-2100/Managed_Rasters/GDD_10C.tif/data/pubh-glob2loc/pubh0329/Multiple_Stresses_of_Biodiversity/CMIP6_Climate_Data/SSP1-2.6/2081-2100/Managed_Rasters/GDD_5C.tif 
/data/pubh-glob2loc/pubh0329/Multiple_Stresses_of_Biodiversity/CMIP6_Climate_Data/SSP1-2.6/2081-2100/Managed_Rasters/GDD_5C.tif/data/pubh-glob2loc/pubh0329/Multiple_Stresses_of_Biodiversity/CMIP6_Climate_Data/SSP1-2.6/2081-2100/Managed_Rasters/Mean_annual_temp.tif 
/data/pubh-glob2loc/pubh0329/Multiple_Stresses_of_Biodiversity/CMIP6_Climate_Data/SSP1-2.6/2081-2100/Managed_Rasters/Mean_annual_temp.tif/data/pubh-glob2loc/pubh0329/Multiple_Stresses_of_Biodiversity/CMIP6_Climate_Data/SSP1-2.6/2081-2100/Managed_Rasters/Precip_in_warmest_quarter.tiff 
/data/pubh-glob2loc/pubh0329/Multiple_Stresses_of_Biodiversity/CMIP6_Climate_Data/SSP1-2.6/2081-2100/Managed_Rasters/Precip_in_warmest_quarter.tiff/data/pubh-glob2loc/pubh0329/Multiple_Stresses_of_Biodiversity/CMIP6_Climate_Data/SSP1-2.6/2081-2100/Managed_Rasters/Variance_of_precipitation.tif 
/data/pubh-glob2loc/pubh0329/Multiple_Stresses_of_Biodiversity/CMIP6_Climate_Data/SSP1-2.6/2081-2100/Managed_Rasters/Variance_of_precipitation.tif/data/pubh-glob2loc/pubh0329/Multiple_Stresses_of_Biodiversity/CMIP6_Climate_Data/SSP1-2.6/2081-2100/Managed_Rasters/Variance_of_temperature.tif 
/data/pubh-glob2loc/pubh0329/Multiple_Stresses_of_Biodiversity/CMIP6_Climate_Data/SSP1-2.6/2081-2100/Managed_Rasters/Variance_of_temperature.tif/data/pubh-glob2loc/pubh0329/Multiple_Stresses_of_Biodiversity/CMIP6_Climate_Data/SSP2-4.5/2021-2040/Managed_Rasters/GDD_10C.tif 
/data/pubh-glob2loc/pubh0329/Multiple_Stresses_of_Biodiversity/CMIP6_Climate_Data/SSP2-4.5/2021-2040/Managed_Rasters/GDD_10C.tif/data/pubh-glob2loc/pubh0329/Multiple_Stresses_of_Biodiversity/CMIP6_Climate_Data/SSP2-4.5/2021-2040/Managed_Rasters/GDD_5C.tif 
/data/pubh-glob2loc/pubh0329/Multiple_Stresses_of_Biodiversity/CMIP6_Climate_Data/SSP2-4.5/2021-2040/Managed_Rasters/GDD_5C.tif/data/pubh-glob2loc/pubh0329/Multiple_Stresses_of_Biodiversity/CMIP6_Climate_Data/SSP2-4.5/2021-2040/Managed_Rasters/Mean_annual_temp.tif 
/data/pubh-glob2loc/pubh0329/Multiple_Stresses_of_Biodiversity/CMIP6_Climate_Data/SSP2-4.5/2021-2040/Managed_Rasters/Mean_annual_temp.tif/data/pubh-glob2loc/pubh0329/Multiple_Stresses_of_Biodiversity/CMIP6_Climate_Data/SSP2-4.5/2021-2040/Managed_Rasters/Precip_in_warmest_quarter.tiff 
/data/pubh-glob2loc/pubh0329/Multiple_Stresses_of_Biodiversity/CMIP6_Climate_Data/SSP2-4.5/2021-2040/Managed_Rasters/Precip_in_warmest_quarter.tiff/data/pubh-glob2loc/pubh0329/Multiple_Stresses_of_Biodiversity/CMIP6_Climate_Data/SSP2-4.5/2021-2040/Managed_Rasters/Variance_of_precipitation.tif 
/data/pubh-glob2loc/pubh0329/Multiple_Stresses_of_Biodiversity/CMIP6_Climate_Data/SSP2-4.5/2021-2040/Managed_Rasters/Variance_of_precipitation.tif/data/pubh-glob2loc/pubh0329/Multiple_Stresses_of_Biodiversity/CMIP6_Climate_Data/SSP2-4.5/2021-2040/Managed_Rasters/Variance_of_temperature.tif 
/data/pubh-glob2loc/pubh0329/Multiple_Stresses_of_Biodiversity/CMIP6_Climate_Data/SSP2-4.5/2021-2040/Managed_Rasters/Variance_of_temperature.tif/data/pubh-glob2loc/pubh0329/Multiple_Stresses_of_Biodiversity/CMIP6_Climate_Data/SSP2-4.5/2041-2060/Managed_Rasters/GDD_10C.tif 
/data/pubh-glob2loc/pubh0329/Multiple_Stresses_of_Biodiversity/CMIP6_Climate_Data/SSP2-4.5/2041-2060/Managed_Rasters/GDD_10C.tif/data/pubh-glob2loc/pubh0329/Multiple_Stresses_of_Biodiversity/CMIP6_Climate_Data/SSP2-4.5/2041-2060/Managed_Rasters/GDD_5C.tif 
/data/pubh-glob2loc/pubh0329/Multiple_Stresses_of_Biodiversity/CMIP6_Climate_Data/SSP2-4.5/2041-2060/Managed_Rasters/GDD_5C.tif/data/pubh-glob2loc/pubh0329/Multiple_Stresses_of_Biodiversity/CMIP6_Climate_Data/SSP2-4.5/2041-2060/Managed_Rasters/Mean_annual_temp.tif 
/data/pubh-glob2loc/pubh0329/Multiple_Stresses_of_Biodiversity/CMIP6_Climate_Data/SSP2-4.5/2041-2060/Managed_Rasters/Mean_annual_temp.tif/data/pubh-glob2loc/pubh0329/Multiple_Stresses_of_Biodiversity/CMIP6_Climate_Data/SSP2-4.5/2041-2060/Managed_Rasters/Precip_in_warmest_quarter.tiff 
/data/pubh-glob2loc/pubh0329/Multiple_Stresses_of_Biodiversity/CMIP6_Climate_Data/SSP2-4.5/2041-2060/Managed_Rasters/Precip_in_warmest_quarter.tiff/data/pubh-glob2loc/pubh0329/Multiple_Stresses_of_Biodiversity/CMIP6_Climate_Data/SSP2-4.5/2041-2060/Managed_Rasters/Variance_of_precipitation.tif 
/data/pubh-glob2loc/pubh0329/Multiple_Stresses_of_Biodiversity/CMIP6_Climate_Data/SSP2-4.5/2041-2060/Managed_Rasters/Variance_of_precipitation.tif/data/pubh-glob2loc/pubh0329/Multiple_Stresses_of_Biodiversity/CMIP6_Climate_Data/SSP2-4.5/2041-2060/Managed_Rasters/Variance_of_temperature.tif 
/data/pubh-glob2loc/pubh0329/Multiple_Stresses_of_Biodiversity/CMIP6_Climate_Data/SSP2-4.5/2041-2060/Managed_Rasters/Variance_of_temperature.tif/data/pubh-glob2loc/pubh0329/Multiple_Stresses_of_Biodiversity/CMIP6_Climate_Data/SSP2-4.5/2081-2100/Managed_Rasters/GDD_10C.tif 
/data/pubh-glob2loc/pubh0329/Multiple_Stresses_of_Biodiversity/CMIP6_Climate_Data/SSP2-4.5/2081-2100/Managed_Rasters/GDD_10C.tif/data/pubh-glob2loc/pubh0329/Multiple_Stresses_of_Biodiversity/CMIP6_Climate_Data/SSP2-4.5/2081-2100/Managed_Rasters/GDD_5C.tif 
/data/pubh-glob2loc/pubh0329/Multiple_Stresses_of_Biodiversity/CMIP6_Climate_Data/SSP2-4.5/2081-2100/Managed_Rasters/GDD_5C.tif/data/pubh-glob2loc/pubh0329/Multiple_Stresses_of_Biodiversity/CMIP6_Climate_Data/SSP2-4.5/2081-2100/Managed_Rasters/Mean_annual_temp.tif 
/data/pubh-glob2loc/pubh0329/Multiple_Stresses_of_Biodiversity/CMIP6_Climate_Data/SSP2-4.5/2081-2100/Managed_Rasters/Mean_annual_temp.tif/data/pubh-glob2loc/pubh0329/Multiple_Stresses_of_Biodiversity/CMIP6_Climate_Data/SSP2-4.5/2081-2100/Managed_Rasters/Precip_in_warmest_quarter.tiff 
/data/pubh-glob2loc/pubh0329/Multiple_Stresses_of_Biodiversity/CMIP6_Climate_Data/SSP2-4.5/2081-2100/Managed_Rasters/Precip_in_warmest_quarter.tiff/data/pubh-glob2loc/pubh0329/Multiple_Stresses_of_Biodiversity/CMIP6_Climate_Data/SSP2-4.5/2081-2100/Managed_Rasters/Variance_of_precipitation.tif 
/data/pubh-glob2loc/pubh0329/Multiple_Stresses_of_Biodiversity/CMIP6_Climate_Data/SSP2-4.5/2081-2100/Managed_Rasters/Variance_of_precipitation.tif/data/pubh-glob2loc/pubh0329/Multiple_Stresses_of_Biodiversity/CMIP6_Climate_Data/SSP2-4.5/2081-2100/Managed_Rasters/Variance_of_temperature.tif 
/data/pubh-glob2loc/pubh0329/Multiple_Stresses_of_Biodiversity/CMIP6_Climate_Data/SSP2-4.5/2081-2100/Managed_Rasters/Variance_of_temperature.tif/data/pubh-glob2loc/pubh0329/Multiple_Stresses_of_Biodiversity/CMIP6_Climate_Data/SSP3-7.0/2021-2040/Managed_Rasters/GDD_10C.tif 
/data/pubh-glob2loc/pubh0329/Multiple_Stresses_of_Biodiversity/CMIP6_Climate_Data/SSP3-7.0/2021-2040/Managed_Rasters/GDD_10C.tif/data/pubh-glob2loc/pubh0329/Multiple_Stresses_of_Biodiversity/CMIP6_Climate_Data/SSP3-7.0/2021-2040/Managed_Rasters/GDD_5C.tif 
/data/pubh-glob2loc/pubh0329/Multiple_Stresses_of_Biodiversity/CMIP6_Climate_Data/SSP3-7.0/2021-2040/Managed_Rasters/GDD_5C.tif/data/pubh-glob2loc/pubh0329/Multiple_Stresses_of_Biodiversity/CMIP6_Climate_Data/SSP3-7.0/2021-2040/Managed_Rasters/Mean_annual_temp.tif 
/data/pubh-glob2loc/pubh0329/Multiple_Stresses_of_Biodiversity/CMIP6_Climate_Data/SSP3-7.0/2021-2040/Managed_Rasters/Mean_annual_temp.tif/data/pubh-glob2loc/pubh0329/Multiple_Stresses_of_Biodiversity/CMIP6_Climate_Data/SSP3-7.0/2021-2040/Managed_Rasters/Precip_in_warmest_quarter.tiff 
/data/pubh-glob2loc/pubh0329/Multiple_Stresses_of_Biodiversity/CMIP6_Climate_Data/SSP3-7.0/2021-2040/Managed_Rasters/Precip_in_warmest_quarter.tiff/data/pubh-glob2loc/pubh0329/Multiple_Stresses_of_Biodiversity/CMIP6_Climate_Data/SSP3-7.0/2021-2040/Managed_Rasters/Variance_of_precipitation.tif 
/data/pubh-glob2loc/pubh0329/Multiple_Stresses_of_Biodiversity/CMIP6_Climate_Data/SSP3-7.0/2021-2040/Managed_Rasters/Variance_of_precipitation.tif/data/pubh-glob2loc/pubh0329/Multiple_Stresses_of_Biodiversity/CMIP6_Climate_Data/SSP3-7.0/2021-2040/Managed_Rasters/Variance_of_temperature.tif 
/data/pubh-glob2loc/pubh0329/Multiple_Stresses_of_Biodiversity/CMIP6_Climate_Data/SSP3-7.0/2021-2040/Managed_Rasters/Variance_of_temperature.tif/data/pubh-glob2loc/pubh0329/Multiple_Stresses_of_Biodiversity/CMIP6_Climate_Data/SSP3-7.0/2041-2060/Managed_Rasters/GDD_10C.tif 
/data/pubh-glob2loc/pubh0329/Multiple_Stresses_of_Biodiversity/CMIP6_Climate_Data/SSP3-7.0/2041-2060/Managed_Rasters/GDD_10C.tif/data/pubh-glob2loc/pubh0329/Multiple_Stresses_of_Biodiversity/CMIP6_Climate_Data/SSP3-7.0/2041-2060/Managed_Rasters/GDD_5C.tif 
/data/pubh-glob2loc/pubh0329/Multiple_Stresses_of_Biodiversity/CMIP6_Climate_Data/SSP3-7.0/2041-2060/Managed_Rasters/GDD_5C.tif/data/pubh-glob2loc/pubh0329/Multiple_Stresses_of_Biodiversity/CMIP6_Climate_Data/SSP3-7.0/2041-2060/Managed_Rasters/Mean_annual_temp.tif 
/data/pubh-glob2loc/pubh0329/Multiple_Stresses_of_Biodiversity/CMIP6_Climate_Data/SSP3-7.0/2041-2060/Managed_Rasters/Mean_annual_temp.tif/data/pubh-glob2loc/pubh0329/Multiple_Stresses_of_Biodiversity/CMIP6_Climate_Data/SSP3-7.0/2041-2060/Managed_Rasters/Precip_in_warmest_quarter.tiff 
/data/pubh-glob2loc/pubh0329/Multiple_Stresses_of_Biodiversity/CMIP6_Climate_Data/SSP3-7.0/2041-2060/Managed_Rasters/Precip_in_warmest_quarter.tiff/data/pubh-glob2loc/pubh0329/Multiple_Stresses_of_Biodiversity/CMIP6_Climate_Data/SSP3-7.0/2041-2060/Managed_Rasters/Variance_of_precipitation.tif 
/data/pubh-glob2loc/pubh0329/Multiple_Stresses_of_Biodiversity/CMIP6_Climate_Data/SSP3-7.0/2041-2060/Managed_Rasters/Variance_of_precipitation.tif/data/pubh-glob2loc/pubh0329/Multiple_Stresses_of_Biodiversity/CMIP6_Climate_Data/SSP3-7.0/2041-2060/Managed_Rasters/Variance_of_temperature.tif 
/data/pubh-glob2loc/pubh0329/Multiple_Stresses_of_Biodiversity/CMIP6_Climate_Data/SSP3-7.0/2041-2060/Managed_Rasters/Variance_of_temperature.tif/data/pubh-glob2loc/pubh0329/Multiple_Stresses_of_Biodiversity/CMIP6_Climate_Data/SSP3-7.0/2081-2100/Managed_Rasters/GDD_10C.tif 
/data/pubh-glob2loc/pubh0329/Multiple_Stresses_of_Biodiversity/CMIP6_Climate_Data/SSP3-7.0/2081-2100/Managed_Rasters/GDD_10C.tif/data/pubh-glob2loc/pubh0329/Multiple_Stresses_of_Biodiversity/CMIP6_Climate_Data/SSP3-7.0/2081-2100/Managed_Rasters/GDD_5C.tif 
/data/pubh-glob2loc/pubh0329/Multiple_Stresses_of_Biodiversity/CMIP6_Climate_Data/SSP3-7.0/2081-2100/Managed_Rasters/GDD_5C.tif/data/pubh-glob2loc/pubh0329/Multiple_Stresses_of_Biodiversity/CMIP6_Climate_Data/SSP3-7.0/2081-2100/Managed_Rasters/Mean_annual_temp.tif 
/data/pubh-glob2loc/pubh0329/Multiple_Stresses_of_Biodiversity/CMIP6_Climate_Data/SSP3-7.0/2081-2100/Managed_Rasters/Mean_annual_temp.tif/data/pubh-glob2loc/pubh0329/Multiple_Stresses_of_Biodiversity/CMIP6_Climate_Data/SSP3-7.0/2081-2100/Managed_Rasters/Precip_in_warmest_quarter.tiff 
/data/pubh-glob2loc/pubh0329/Multiple_Stresses_of_Biodiversity/CMIP6_Climate_Data/SSP3-7.0/2081-2100/Managed_Rasters/Precip_in_warmest_quarter.tiff/data/pubh-glob2loc/pubh0329/Multiple_Stresses_of_Biodiversity/CMIP6_Climate_Data/SSP3-7.0/2081-2100/Managed_Rasters/Variance_of_precipitation.tif 
/data/pubh-glob2loc/pubh0329/Multiple_Stresses_of_Biodiversity/CMIP6_Climate_Data/SSP3-7.0/2081-2100/Managed_Rasters/Variance_of_precipitation.tif/data/pubh-glob2loc/pubh0329/Multiple_Stresses_of_Biodiversity/CMIP6_Climate_Data/SSP3-7.0/2081-2100/Managed_Rasters/Variance_of_temperature.tif 
/data/pubh-glob2loc/pubh0329/Multiple_Stresses_of_Biodiversity/CMIP6_Climate_Data/SSP3-7.0/2081-2100/Managed_Rasters/Variance_of_temperature.tif/data/pubh-glob2loc/pubh0329/Multiple_Stresses_of_Biodiversity/CMIP6_Climate_Data/SSP5-8.5/2021-2040/Managed_Rasters/GDD_10C.tif 
/data/pubh-glob2loc/pubh0329/Multiple_Stresses_of_Biodiversity/CMIP6_Climate_Data/SSP5-8.5/2021-2040/Managed_Rasters/GDD_10C.tif/data/pubh-glob2loc/pubh0329/Multiple_Stresses_of_Biodiversity/CMIP6_Climate_Data/SSP5-8.5/2021-2040/Managed_Rasters/GDD_5C.tif 
/data/pubh-glob2loc/pubh0329/Multiple_Stresses_of_Biodiversity/CMIP6_Climate_Data/SSP5-8.5/2021-2040/Managed_Rasters/GDD_5C.tif/data/pubh-glob2loc/pubh0329/Multiple_Stresses_of_Biodiversity/CMIP6_Climate_Data/SSP5-8.5/2021-2040/Managed_Rasters/Mean_annual_temp.tif 
/data/pubh-glob2loc/pubh0329/Multiple_Stresses_of_Biodiversity/CMIP6_Climate_Data/SSP5-8.5/2021-2040/Managed_Rasters/Mean_annual_temp.tif/data/pubh-glob2loc/pubh0329/Multiple_Stresses_of_Biodiversity/CMIP6_Climate_Data/SSP5-8.5/2021-2040/Managed_Rasters/Precip_in_warmest_quarter.tiff 
/data/pubh-glob2loc/pubh0329/Multiple_Stresses_of_Biodiversity/CMIP6_Climate_Data/SSP5-8.5/2021-2040/Managed_Rasters/Precip_in_warmest_quarter.tiff/data/pubh-glob2loc/pubh0329/Multiple_Stresses_of_Biodiversity/CMIP6_Climate_Data/SSP5-8.5/2021-2040/Managed_Rasters/Variance_of_precipitation.tif 
/data/pubh-glob2loc/pubh0329/Multiple_Stresses_of_Biodiversity/CMIP6_Climate_Data/SSP5-8.5/2021-2040/Managed_Rasters/Variance_of_precipitation.tif/data/pubh-glob2loc/pubh0329/Multiple_Stresses_of_Biodiversity/CMIP6_Climate_Data/SSP5-8.5/2021-2040/Managed_Rasters/Variance_of_temperature.tif 
/data/pubh-glob2loc/pubh0329/Multiple_Stresses_of_Biodiversity/CMIP6_Climate_Data/SSP5-8.5/2021-2040/Managed_Rasters/Variance_of_temperature.tif/data/pubh-glob2loc/pubh0329/Multiple_Stresses_of_Biodiversity/CMIP6_Climate_Data/SSP5-8.5/2041-2060/Managed_Rasters/GDD_10C.tif 
/data/pubh-glob2loc/pubh0329/Multiple_Stresses_of_Biodiversity/CMIP6_Climate_Data/SSP5-8.5/2041-2060/Managed_Rasters/GDD_10C.tif/data/pubh-glob2loc/pubh0329/Multiple_Stresses_of_Biodiversity/CMIP6_Climate_Data/SSP5-8.5/2041-2060/Managed_Rasters/GDD_5C.tif 
/data/pubh-glob2loc/pubh0329/Multiple_Stresses_of_Biodiversity/CMIP6_Climate_Data/SSP5-8.5/2041-2060/Managed_Rasters/GDD_5C.tif/data/pubh-glob2loc/pubh0329/Multiple_Stresses_of_Biodiversity/CMIP6_Climate_Data/SSP5-8.5/2041-2060/Managed_Rasters/Mean_annual_temp.tif 
/data/pubh-glob2loc/pubh0329/Multiple_Stresses_of_Biodiversity/CMIP6_Climate_Data/SSP5-8.5/2041-2060/Managed_Rasters/Mean_annual_temp.tif/data/pubh-glob2loc/pubh0329/Multiple_Stresses_of_Biodiversity/CMIP6_Climate_Data/SSP5-8.5/2041-2060/Managed_Rasters/Precip_in_warmest_quarter.tiff 
/data/pubh-glob2loc/pubh0329/Multiple_Stresses_of_Biodiversity/CMIP6_Climate_Data/SSP5-8.5/2041-2060/Managed_Rasters/Precip_in_warmest_quarter.tiff/data/pubh-glob2loc/pubh0329/Multiple_Stresses_of_Biodiversity/CMIP6_Climate_Data/SSP5-8.5/2041-2060/Managed_Rasters/Variance_of_precipitation.tif 
/data/pubh-glob2loc/pubh0329/Multiple_Stresses_of_Biodiversity/CMIP6_Climate_Data/SSP5-8.5/2041-2060/Managed_Rasters/Variance_of_precipitation.tif/data/pubh-glob2loc/pubh0329/Multiple_Stresses_of_Biodiversity/CMIP6_Climate_Data/SSP5-8.5/2041-2060/Managed_Rasters/Variance_of_temperature.tif 
Error in .local(.Object, ...) : Dataset copy failed
Calls: reproject.fun ... <Anonymous> -> new -> initialize -> initialize -> .local
In addition: There were 50 or more warnings (use warnings() to see the first 50)
Execution halted
