
Attaching package: ‘dplyr’

The following objects are masked from ‘package:plyr’:

    arrange, count, desc, failwith, id, mutate, rename, summarise,
    summarize

The following objects are masked from ‘package:stats’:

    filter, lag

The following objects are masked from ‘package:base’:

    intersect, setdiff, setequal, union

Loading required package: sp

Attaching package: ‘raster’

The following object is masked from ‘package:dplyr’:

    select

Loading required package: palinsol
Loading required package: gsl

Please see the vignette at https://envirem.github.io/ENVIREM_tutorial.html for a detailed walk-through of this package.


Attaching package: ‘matrixStats’

The following object is masked from ‘package:dplyr’:

    count

The following object is masked from ‘package:plyr’:

    count

[[1]]
class      : RasterLayer 
dimensions : 180, 360, 64800  (nrow, ncol, ncell)
resolution : 1, 1  (x, y)
extent     : -180, 180, -90, 90  (xmin, xmax, ymin, ymax)
crs        : +proj=longlat +datum=WGS84 +no_defs 
source     : Mean_annual_temp.tif 
names      : Mean_annual_temp 
values     : -53.66098, 29.7512  (min, max)


[[2]]
class      : RasterLayer 
dimensions : 180, 360, 64800  (nrow, ncol, ncell)
resolution : 1, 1  (x, y)
extent     : -180, 180, -90, 90  (xmin, xmax, ymin, ymax)
crs        : +proj=longlat +datum=WGS84 +no_defs 
source     : Mean_annual_temp.tif 
names      : Mean_annual_temp 
values     : -53.20046, 30.10642  (min, max)


[[3]]
class      : RasterLayer 
dimensions : 180, 360, 64800  (nrow, ncol, ncell)
resolution : 1, 1  (x, y)
extent     : -180, 180, -90, 90  (xmin, xmax, ymin, ymax)
crs        : +proj=longlat +datum=WGS84 +no_defs 
source     : Mean_annual_temp.tif 
names      : Mean_annual_temp 
values     : -52.88288, 30.49009  (min, max)


[[4]]
class      : RasterLayer 
dimensions : 180, 360, 64800  (nrow, ncol, ncell)
resolution : 1, 1  (x, y)
extent     : -180, 180, -90, 90  (xmin, xmax, ymin, ymax)
crs        : +proj=longlat +datum=WGS84 +no_defs 
source     : Mean_annual_temp.tif 
names      : Mean_annual_temp 
values     : -52.8012, 30.55478  (min, max)


[[5]]
class      : RasterLayer 
dimensions : 180, 360, 64800  (nrow, ncol, ncell)
resolution : 1, 1  (x, y)
extent     : -180, 180, -90, 90  (xmin, xmax, ymin, ymax)
crs        : +proj=longlat +datum=WGS84 +no_defs 
source     : Mean_annual_temp.tif 
names      : Mean_annual_temp 
values     : -52.63393, 30.74748  (min, max)


[[6]]
class      : RasterLayer 
dimensions : 180, 360, 64800  (nrow, ncol, ncell)
resolution : 1, 1  (x, y)
extent     : -180, 180, -90, 90  (xmin, xmax, ymin, ymax)
crs        : +proj=longlat +datum=WGS84 +no_defs 
source     : Mean_annual_temp.tif 
names      : Mean_annual_temp 
values     : -51.76846, 31.55896  (min, max)


[[7]]
class      : RasterLayer 
dimensions : 180, 360, 64800  (nrow, ncol, ncell)
resolution : 1, 1  (x, y)
extent     : -180, 180, -90, 90  (xmin, xmax, ymin, ymax)
crs        : +proj=longlat +datum=WGS84 +no_defs 
source     : Mean_annual_temp.tif 
names      : Mean_annual_temp 
values     : -51.59349, 31.74134  (min, max)


[[8]]
class      : RasterLayer 
dimensions : 180, 360, 64800  (nrow, ncol, ncell)
resolution : 1, 1  (x, y)
extent     : -180, 180, -90, 90  (xmin, xmax, ymin, ymax)
crs        : +proj=longlat +datum=WGS84 +no_defs 
source     : Mean_annual_temp.tif 
names      : Mean_annual_temp 
values     : -51.23121, 31.984  (min, max)


[[9]]
class      : RasterLayer 
dimensions : 180, 360, 64800  (nrow, ncol, ncell)
resolution : 1, 1  (x, y)
extent     : -180, 180, -90, 90  (xmin, xmax, ymin, ymax)
crs        : +proj=longlat +datum=WGS84 +no_defs 
source     : Mean_annual_temp.tif 
names      : Mean_annual_temp 
values     : -51.71216, 31.49022  (min, max)


[[10]]
class      : RasterLayer 
dimensions : 180, 360, 64800  (nrow, ncol, ncell)
resolution : 1, 1  (x, y)
extent     : -180, 180, -90, 90  (xmin, xmax, ymin, ymax)
crs        : +proj=longlat +datum=WGS84 +no_defs 
source     : Mean_annual_temp.tif 
names      : Mean_annual_temp 
values     : -51.24542, 31.92919  (min, max)


[[11]]
class      : RasterLayer 
dimensions : 180, 360, 64800  (nrow, ncol, ncell)
resolution : 1, 1  (x, y)
extent     : -180, 180, -90, 90  (xmin, xmax, ymin, ymax)
crs        : +proj=longlat +datum=WGS84 +no_defs 
source     : Mean_annual_temp.tif 
names      : Mean_annual_temp 
values     : -50.55633, 32.57259  (min, max)


[[12]]
class      : RasterLayer 
dimensions : 180, 360, 64800  (nrow, ncol, ncell)
resolution : 1, 1  (x, y)
extent     : -180, 180, -90, 90  (xmin, xmax, ymin, ymax)
crs        : +proj=longlat +datum=WGS84 +no_defs 
source     : Mean_annual_temp.tif 
names      : Mean_annual_temp 
values     : -51.13018, 31.66933  (min, max)


[[13]]
class      : RasterLayer 
dimensions : 180, 360, 64800  (nrow, ncol, ncell)
resolution : 1, 1  (x, y)
extent     : -180, 180, -90, 90  (xmin, xmax, ymin, ymax)
crs        : +proj=longlat +datum=WGS84 +no_defs 
source     : Mean_annual_temp.tif 
names      : Mean_annual_temp 
values     : -50.91786, 31.88071  (min, max)


[[14]]
class      : RasterLayer 
dimensions : 180, 360, 64800  (nrow, ncol, ncell)
resolution : 1, 1  (x, y)
extent     : -180, 180, -90, 90  (xmin, xmax, ymin, ymax)
crs        : +proj=longlat +datum=WGS84 +no_defs 
source     : Mean_annual_temp.tif 
names      : Mean_annual_temp 
values     : -49.52771, 33.19633  (min, max)


[[15]]
class      : RasterLayer 
dimensions : 180, 360, 64800  (nrow, ncol, ncell)
resolution : 1, 1  (x, y)
extent     : -180, 180, -90, 90  (xmin, xmax, ymin, ymax)
crs        : +proj=longlat +datum=WGS84 +no_defs 
source     : Mean_annual_temp.tif 
names      : Mean_annual_temp 
values     : -50.95648, 32.40157  (min, max)


[[16]]
class      : RasterLayer 
dimensions : 180, 360, 64800  (nrow, ncol, ncell)
resolution : 1, 1  (x, y)
extent     : -180, 180, -90, 90  (xmin, xmax, ymin, ymax)
crs        : +proj=longlat +datum=WGS84 +no_defs 
source     : Mean_annual_temp.tif 
names      : Mean_annual_temp 
values     : -50.59691, 32.67354  (min, max)


[[17]]
class      : RasterLayer 
dimensions : 180, 360, 64800  (nrow, ncol, ncell)
resolution : 1, 1  (x, y)
extent     : -180, 180, -90, 90  (xmin, xmax, ymin, ymax)
crs        : +proj=longlat +datum=WGS84 +no_defs 
source     : Mean_annual_temp.tif 
names      : Mean_annual_temp 
values     : -49.29358, 33.83981  (min, max)



Attaching package: ‘dplyr’

The following objects are masked from ‘package:plyr’:

    arrange, count, desc, failwith, id, mutate, rename, summarise,
    summarize

The following objects are masked from ‘package:stats’:

    filter, lag

The following objects are masked from ‘package:base’:

    intersect, setdiff, setequal, union

Loading required package: sp

Attaching package: ‘raster’

The following object is masked from ‘package:dplyr’:

    select

rgdal: version: 1.5-23, (SVN revision 1121)
Geospatial Data Abstraction Library extensions to R successfully loaded
Loaded GDAL runtime: GDAL 3.3.0, released 2021/04/26
Path to GDAL shared files: /apps/system/easybuild/software/GDAL/3.3.0-foss-2021a/share/gdal
GDAL binary built with GEOS: TRUE 
Loaded PROJ runtime: Rel. 8.0.1, March 5th, 2021, [PJ_VERSION: 801]
Path to PROJ shared files: /home/pubh0329/.local/share/proj:/apps/system/easybuild/software/PROJ/8.0.1-GCCcore-10.3.0/share/proj:/apps/system/easybuild/software/PROJ/8.0.1-GCCcore-10.3.0/share/proj
PROJ CDN enabled: FALSE
Linking to sp version:1.4-5
To mute warnings of possible GDAL/OSR exportToProj4() degradation,
use options("rgdal_show_exportToProj4_warnings"="none") before loading rgdal.
Warning message:
In showSRID(SRS_string, format = "PROJ", multiline = "NO", prefer_proj = prefer_proj) :
  Discarded datum D_unknown in Proj4 definition
11proj_create_operations: cannot build geodeticCRS 4978: SQLite error on SELECT extent.description, extent.south_lat, extent.north_lat, extent.west_lon, extent.east_lon, scope.scope, (CASE WHEN scope.scope LIKE '%large scale%' THEN 0 ELSE 1 END) AS score FROM usage JOIN extent ON usage.extent_auth_name = extent.auth_name AND usage.extent_code = extent.code JOIN scope ON usage.scope_auth_name = scope.auth_name AND usage.scope_code = scope.code WHERE object_table_name = ? AND object_auth_name = ? AND object_code = ? ORDER BY score, usage.auth_name, usage.code: database disk image is malformed
proj_create_operations: cannot build geodeticCRS 4978: coordinate system not found
Warning message:
In mclapply(split.files[[l]], reproject.fun, mc.cores = n_cores) :
  all scheduled cores encountered errors in user code
