
Attaching package: ‘dplyr’

The following objects are masked from ‘package:plyr’:

    arrange, count, desc, failwith, id, mutate, rename, summarise,
    summarize

The following objects are masked from ‘package:stats’:

    filter, lag

The following objects are masked from ‘package:base’:

    intersect, setdiff, setequal, union

Loading required package: sp

Attaching package: ‘raster’

The following object is masked from ‘package:dplyr’:

    select

Warning message:
In showSRID(SRS_string, format = "PROJ", multiline = "NO", prefer_proj = prefer_proj) :
  Discarded datum D_unknown in Proj4 definition
proj_create_operations: cannot build geodeticCRS 4326: SQLite error on SELECT axis.name, abbrev, orientation, uom_auth_name, uom_code, cs.type FROM axis LEFT JOIN coordinate_system cs ON axis.coordinate_system_auth_name = cs.auth_name AND axis.coordinate_system_code = cs.code WHERE coordinate_system_auth_name = ? AND coordinate_system_code = ? ORDER BY coordinate_system_order: database disk image is malformed
proj_create: SQLite error on SELECT table_name, auth_name, code FROM alias_name WHERE alt_name = ? AND table_name = ? AND source = ?: database disk image is malformed
proj_create_operations: cannot build geodeticCRS 4326: SQLite error on SELECT axis.name, abbrev, orientation, uom_auth_name, uom_code, cs.type FROM axis LEFT JOIN coordinate_system cs ON axis.coordinate_system_auth_name = cs.auth_name AND axis.coordinate_system_code = cs.code WHERE coordinate_system_auth_name = ? AND coordinate_system_code = ? ORDER BY coordinate_system_order: database disk image is malformed
proj_create_operations: cannot build geodeticCRS 4326: SQLite error on SELECT extent.description, extent.south_lat, extent.north_lat, extent.west_lon, extent.east_lon, scope.scope, (CASE WHEN scope.scope LIKE '%large scale%' THEN 0 ELSE 1 END) AS score FROM usage JOIN extent ON usage.extent_auth_name = extent.auth_name AND usage.extent_code = extent.code JOIN scope ON usage.scope_auth_name = scope.auth_name AND usage.scope_code = scope.code WHERE object_table_name = ? AND object_auth_name = ? AND object_code = ? ORDER BY score, usage.auth_name, usage.code: database disk image is malformed
proj_create_operations: geodeticCRS not found
proj_create_operations: SQLite error on SELECT table_name, auth_name, code, name, deprecated, is_alias FROM (SELECT 'geodetic_crs' AS table_name, auth_name, code, name, deprecated, 0 AS is_alias FROM geodetic_crs WHERE 1 = 1 AND type = 'geographic 2D' AND name = ? COLLATE NOCASE  UNION SELECT 'geodetic_crs' AS table_name, ov.auth_name AS auth_name, ov.code AS code, a.alt_name AS name, ov.deprecated AS deprecated, 1 as is_alias FROM geodetic_crs ov JOIN alias_name a ON ov.auth_name = a.auth_name AND ov.code = a.code WHERE a.table_name = 'geodetic_crs' AND ov.type = 'geographic 2D' AND a.alt_name = ? COLLATE NOCASE ) ORDER BY deprecated, is_alias, length(name), name LIMIT 2: database disk image is malformed
proj_create_operations: SQLite error on SELECT table_name, auth_name, code, name, deprecated, is_alias FROM (SELECT 'projected_crs' AS table_name, auth_name, code, name, deprecated, 0 AS is_alias FROM projected_crs WHERE 1 = 1 AND name = ? COLLATE NOCASE  UNION SELECT 'projected_crs' AS table_name, ov.auth_name AS auth_name, ov.code AS code, a.alt_name AS name, ov.deprecated AS deprecated, 1 as is_alias FROM projected_crs ov JOIN alias_name a ON ov.auth_name = a.auth_name AND ov.code = a.code WHERE a.table_name = 'projected_crs' AND a.alt_name = ? COLLATE NOCASE ) ORDER BY deprecated, is_alias, length(name), name LIMIT 2: database disk image is malformed
[[1]]
[1] "Error in h(simpleError(msg, call)) : \n  error in evaluating the argument 'x' in selecting a method for function 'extent': coordinate operation creation from WKT failed: Unknown error (code 4096)\n"
attr(,"class")
[1] "try-error"
attr(,"condition")
<simpleError in h(simpleError(msg, call)): error in evaluating the argument 'x' in selecting a method for function 'extent': coordinate operation creation from WKT failed: Unknown error (code 4096)>

[[2]]
[1] "Error in h(simpleError(msg, call)) : \n  error in evaluating the argument 'x' in selecting a method for function 'extent': coordinate operation creation from WKT failed: Unknown error (code 4096)\n"
attr(,"class")
[1] "try-error"
attr(,"condition")
<simpleError in h(simpleError(msg, call)): error in evaluating the argument 'x' in selecting a method for function 'extent': coordinate operation creation from WKT failed: Unknown error (code 4096)>

[[3]]
[1] "Error in rgdal::compare_CRS(projto, projfrom) : \n  source crs creation failed: Unknown error (code 4096)\n"
attr(,"class")
[1] "try-error"
attr(,"condition")
<simpleError in rgdal::compare_CRS(projto, projfrom): source crs creation failed: Unknown error (code 4096)>

[[4]]
[1] "Error in h(simpleError(msg, call)) : \n  error in evaluating the argument 'x' in selecting a method for function 'extent': coordinate operation creation from WKT failed: Unknown error (code 4096)\n"
attr(,"class")
[1] "try-error"
attr(,"condition")
<simpleError in h(simpleError(msg, call)): error in evaluating the argument 'x' in selecting a method for function 'extent': coordinate operation creation from WKT failed: Unknown error (code 4096)>

[[5]]
[1] "Error in h(simpleError(msg, call)) : \n  error in evaluating the argument 'x' in selecting a method for function 'extent': coordinate operation creation from WKT failed: Unknown error (code 4096)\n"
attr(,"class")
[1] "try-error"
attr(,"condition")
<simpleError in h(simpleError(msg, call)): error in evaluating the argument 'x' in selecting a method for function 'extent': coordinate operation creation from WKT failed: Unknown error (code 4096)>

[[6]]
NULL

[[7]]
NULL

[[8]]
NULL

[[9]]
[1] "Error in rgdal::rawTransform(projto_int, projfrom, nrow(xy), xy[, 1],  : \n  coordinate operation creation from WKT failed: Unknown error (code 4096)\n"
attr(,"class")
[1] "try-error"
attr(,"condition")
<simpleError in rgdal::rawTransform(projto_int, projfrom, nrow(xy), xy[, 1],     xy[, 2], wkt = use_proj6): coordinate operation creation from WKT failed: Unknown error (code 4096)>

[[10]]
[1] "Error in h(simpleError(msg, call)) : \n  error in evaluating the argument 'x' in selecting a method for function 'extent': coordinate operation creation from WKT failed: Unknown error (code 4096)\n"
attr(,"class")
[1] "try-error"
attr(,"condition")
<simpleError in h(simpleError(msg, call)): error in evaluating the argument 'x' in selecting a method for function 'extent': coordinate operation creation from WKT failed: Unknown error (code 4096)>

[[11]]
[1] "Error in h(simpleError(msg, call)) : \n  error in evaluating the argument 'x' in selecting a method for function 'extent': coordinate operation creation from WKT failed: Unknown error (code 4096)\n"
attr(,"class")
[1] "try-error"
attr(,"condition")
<simpleError in h(simpleError(msg, call)): error in evaluating the argument 'x' in selecting a method for function 'extent': coordinate operation creation from WKT failed: Unknown error (code 4096)>

[[12]]
[1] "Error in h(simpleError(msg, call)) : \n  error in evaluating the argument 'x' in selecting a method for function 'extent': coordinate operation creation from WKT failed: Unknown error (code 4096)\n"
attr(,"class")
[1] "try-error"
attr(,"condition")
<simpleError in h(simpleError(msg, call)): error in evaluating the argument 'x' in selecting a method for function 'extent': coordinate operation creation from WKT failed: Unknown error (code 4096)>

[[13]]
[1] "Error in rgdal::compare_CRS(projto, projfrom) : \n  source crs creation failed: Unknown error (code 4096)\n"
attr(,"class")
[1] "try-error"
attr(,"condition")
<simpleError in rgdal::compare_CRS(projto, projfrom): source crs creation failed: Unknown error (code 4096)>

[[14]]
[1] "Error in h(simpleError(msg, call)) : \n  error in evaluating the argument 'x' in selecting a method for function 'extent': coordinate operation creation from WKT failed: Unknown error (code 4096)\n"
attr(,"class")
[1] "try-error"
attr(,"condition")
<simpleError in h(simpleError(msg, call)): error in evaluating the argument 'x' in selecting a method for function 'extent': coordinate operation creation from WKT failed: Unknown error (code 4096)>

[[15]]
[1] "Error in h(simpleError(msg, call)) : \n  error in evaluating the argument 'x' in selecting a method for function 'extent': coordinate operation creation from WKT failed: Unknown error (code 4096)\n"
attr(,"class")
[1] "try-error"
attr(,"condition")
<simpleError in h(simpleError(msg, call)): error in evaluating the argument 'x' in selecting a method for function 'extent': coordinate operation creation from WKT failed: Unknown error (code 4096)>

[[16]]
[[16]][[1]]
class      : RasterLayer 
dimensions : 180, 360, 64800  (nrow, ncol, ncell)
resolution : 1, 1  (x, y)
extent     : -180, 180, -90, 90  (xmin, xmax, ymin, ymax)
crs        : +proj=longlat +datum=WGS84 +no_defs 
source     : memory
names      : layer 
values     : -1878.229, 3018.393  (min, max)


[[16]][[2]]
class      : RasterLayer 
dimensions : 12027, 24053, 289285431  (nrow, ncol, ncell)
resolution : 1500.029, 1499.966  (x, y)
extent     : -18040096, 18040096, -9020048, 9020048  (xmin, xmax, ymin, ymax)
crs        : +proj=moll +lon_0=0 +x_0=0 +y_0=0 +ellps=WGS84 +units=m +no_defs 
source     : r_tmp_2022-04-28_110127_929410_68548.grd 
names      : layer 
values     : -1878.146, 3017.941  (min, max)



[[17]]
NULL

[[18]]
NULL

[[19]]
[1] "Error in rgdal::rawTransform(projto_int, projfrom, nrow(xy), xy[, 1],  : \n  coordinate operation creation from WKT failed: Unknown error (code 4096)\n"
attr(,"class")
[1] "try-error"
attr(,"condition")
<simpleError in rgdal::rawTransform(projto_int, projfrom, nrow(xy), xy[, 1],     xy[, 2], wkt = use_proj6): coordinate operation creation from WKT failed: Unknown error (code 4096)>

[[20]]
[1] "Error in h(simpleError(msg, call)) : \n  error in evaluating the argument 'x' in selecting a method for function 'extent': coordinate operation creation from WKT failed: Unknown error (code 4096)\n"
attr(,"class")
[1] "try-error"
attr(,"condition")
<simpleError in h(simpleError(msg, call)): error in evaluating the argument 'x' in selecting a method for function 'extent': coordinate operation creation from WKT failed: Unknown error (code 4096)>

[[21]]
[1] "Error in h(simpleError(msg, call)) : \n  error in evaluating the argument 'x' in selecting a method for function 'extent': coordinate operation creation from WKT failed: Unknown error (code 4096)\n"
attr(,"class")
[1] "try-error"
attr(,"condition")
<simpleError in h(simpleError(msg, call)): error in evaluating the argument 'x' in selecting a method for function 'extent': coordinate operation creation from WKT failed: Unknown error (code 4096)>

[[22]]
[1] "Error in h(simpleError(msg, call)) : \n  error in evaluating the argument 'x' in selecting a method for function 'extent': coordinate operation creation from WKT failed: Unknown error (code 4096)\n"
attr(,"class")
[1] "try-error"
attr(,"condition")
<simpleError in h(simpleError(msg, call)): error in evaluating the argument 'x' in selecting a method for function 'extent': coordinate operation creation from WKT failed: Unknown error (code 4096)>

[[23]]
[1] "Error in rgdal::compare_CRS(projto, projfrom) : \n  source crs creation failed: Unknown error (code 4096)\n"
attr(,"class")
[1] "try-error"
attr(,"condition")
<simpleError in rgdal::compare_CRS(projto, projfrom): source crs creation failed: Unknown error (code 4096)>

[[24]]
[1] "Error in h(simpleError(msg, call)) : \n  error in evaluating the argument 'x' in selecting a method for function 'extent': coordinate operation creation from WKT failed: Unknown error (code 4096)\n"
attr(,"class")
[1] "try-error"
attr(,"condition")
<simpleError in h(simpleError(msg, call)): error in evaluating the argument 'x' in selecting a method for function 'extent': coordinate operation creation from WKT failed: Unknown error (code 4096)>

[[25]]
[1] "Error in h(simpleError(msg, call)) : \n  error in evaluating the argument 'x' in selecting a method for function 'extent': coordinate operation creation from WKT failed: Unknown error (code 4096)\n"
attr(,"class")
[1] "try-error"
attr(,"condition")
<simpleError in h(simpleError(msg, call)): error in evaluating the argument 'x' in selecting a method for function 'extent': coordinate operation creation from WKT failed: Unknown error (code 4096)>

[[26]]
NULL

[[27]]
NULL

[[28]]
NULL

[[29]]
[1] "Error in rgdal::rawTransform(projto_int, projfrom, nrow(xy), xy[, 1],  : \n  coordinate operation creation from WKT failed: Unknown error (code 4096)\n"
attr(,"class")
[1] "try-error"
attr(,"condition")
<simpleError in rgdal::rawTransform(projto_int, projfrom, nrow(xy), xy[, 1],     xy[, 2], wkt = use_proj6): coordinate operation creation from WKT failed: Unknown error (code 4096)>

[[30]]
[1] "Error in h(simpleError(msg, call)) : \n  error in evaluating the argument 'x' in selecting a method for function 'extent': coordinate operation creation from WKT failed: Unknown error (code 4096)\n"
attr(,"class")
[1] "try-error"
attr(,"condition")
<simpleError in h(simpleError(msg, call)): error in evaluating the argument 'x' in selecting a method for function 'extent': coordinate operation creation from WKT failed: Unknown error (code 4096)>

[[31]]
[1] "Error in h(simpleError(msg, call)) : \n  error in evaluating the argument 'x' in selecting a method for function 'extent': coordinate operation creation from WKT failed: Unknown error (code 4096)\n"
attr(,"class")
[1] "try-error"
attr(,"condition")
<simpleError in h(simpleError(msg, call)): error in evaluating the argument 'x' in selecting a method for function 'extent': coordinate operation creation from WKT failed: Unknown error (code 4096)>

[[32]]
[1] "Error in h(simpleError(msg, call)) : \n  error in evaluating the argument 'x' in selecting a method for function 'extent': coordinate operation creation from WKT failed: Unknown error (code 4096)\n"
attr(,"class")
[1] "try-error"
attr(,"condition")
<simpleError in h(simpleError(msg, call)): error in evaluating the argument 'x' in selecting a method for function 'extent': coordinate operation creation from WKT failed: Unknown error (code 4096)>

[[33]]
[1] "Error in rgdal::compare_CRS(projto, projfrom) : \n  source crs creation failed: Unknown error (code 4096)\n"
attr(,"class")
[1] "try-error"
attr(,"condition")
<simpleError in rgdal::compare_CRS(projto, projfrom): source crs creation failed: Unknown error (code 4096)>

[[34]]
[1] "Error in h(simpleError(msg, call)) : \n  error in evaluating the argument 'x' in selecting a method for function 'extent': coordinate operation creation from WKT failed: Unknown error (code 4096)\n"
attr(,"class")
[1] "try-error"
attr(,"condition")
<simpleError in h(simpleError(msg, call)): error in evaluating the argument 'x' in selecting a method for function 'extent': coordinate operation creation from WKT failed: Unknown error (code 4096)>

[[35]]
[1] "Error in h(simpleError(msg, call)) : \n  error in evaluating the argument 'x' in selecting a method for function 'extent': coordinate operation creation from WKT failed: Unknown error (code 4096)\n"
attr(,"class")
[1] "try-error"
attr(,"condition")
<simpleError in h(simpleError(msg, call)): error in evaluating the argument 'x' in selecting a method for function 'extent': coordinate operation creation from WKT failed: Unknown error (code 4096)>

[[36]]
NULL

[[37]]
NULL

[[38]]
[[38]][[1]]
class      : RasterLayer 
dimensions : 180, 360, 64800  (nrow, ncol, ncell)
resolution : 1, 1  (x, y)
extent     : -180, 180, -90, 90  (xmin, xmax, ymin, ymax)
crs        : +proj=longlat +datum=WGS84 +no_defs 
source     : memory
names      : layer 
values     : -1901.234, 3002.494  (min, max)


[[38]][[2]]
class      : RasterLayer 
dimensions : 12027, 24053, 289285431  (nrow, ncol, ncell)
resolution : 1500.029, 1499.966  (x, y)
extent     : -18040096, 18040096, -9020048, 9020048  (xmin, xmax, ymin, ymax)
crs        : +proj=moll +lon_0=0 +x_0=0 +y_0=0 +ellps=WGS84 +units=m +no_defs 
source     : r_tmp_2022-04-28_110127_929412_65856.grd 
names      : layer 
values     : -1901.142, 3002.033  (min, max)



[[39]]
[1] "Error in rgdal::rawTransform(projto_int, projfrom, nrow(xy), xy[, 1],  : \n  coordinate operation creation from WKT failed: Unknown error (code 4096)\n"
attr(,"class")
[1] "try-error"
attr(,"condition")
<simpleError in rgdal::rawTransform(projto_int, projfrom, nrow(xy), xy[, 1],     xy[, 2], wkt = use_proj6): coordinate operation creation from WKT failed: Unknown error (code 4096)>

[[40]]
[1] "Error in h(simpleError(msg, call)) : \n  error in evaluating the argument 'x' in selecting a method for function 'extent': coordinate operation creation from WKT failed: Unknown error (code 4096)\n"
attr(,"class")
[1] "try-error"
attr(,"condition")
<simpleError in h(simpleError(msg, call)): error in evaluating the argument 'x' in selecting a method for function 'extent': coordinate operation creation from WKT failed: Unknown error (code 4096)>

Warning message:
In mclapply(dir.list, wat.balance.function, mc.cores = n_cores) :
  scheduled cores 4, 3, 1, 5, 2, 10, 9 encountered errors in user code, all values of the jobs will be affected
